============================================== 
Snapshot run started at Sat 05/09/2026 10:58:55.89 
============================================== 

[2026-05-09] Starting inventory snapshot...
Calling http://localhost:5000/api/inventory ...
  Got 821 color variants from server
  Aggregated: 588 products, 593 color variants
Saving snapshot for 2026-05-09 ...
  Inserted 500/1181 rows...
  Inserted 1000/1181 rows...
  Inserted 1181/1181 rows...
Traceback (most recent call last):
  File "D:\landing_page\snapshot_inventory.py", line 187, in <module>
    main()
  File "D:\landing_page\snapshot_inventory.py", line 181, in main
    save_snapshot(supabase, rows, date.today())
  File "D:\landing_page\snapshot_inventory.py", line 161, in save_snapshot
    print(f"\u2713 Snapshot saved: {len(rows)} rows for {today_str}")
  File "C:\Users\Saadaa\AppData\Local\Programs\Python\Python312\Lib\encodings\cp1252.py", line 19, in encode
    return codecs.charmap_encode(input,self.errors,encoding_table)[0]
           ^^^^^^^^^^^^^^^^^^^^^^^^^^^^^^^^^^^^^^^^^^^^^^^^^^^^^^^
UnicodeEncodeError: 'charmap' codec can't encode character '\u2713' in position 0: character maps to <undefined>
Snapshot run finished at Sat 05/09/2026 10:59:22.48 (exit code 1) 
 
============================================== 
Snapshot run started at Sat 05/09/2026 11:02:07.35 
============================================== 

[2026-05-09] Starting inventory snapshot...
Calling http://localhost:5000/api/inventory ...
  Got 821 color variants from server
  Aggregated: 588 products, 593 color variants
Saving snapshot for 2026-05-09 ...
  Inserted 500/1181 rows...
  Inserted 1000/1181 rows...
  Inserted 1181/1181 rows...
✓ Snapshot saved: 1181 rows for 2026-05-09

Done ✓

Snapshot run finished at Sat 05/09/2026 11:02:31.87 (exit code 0) 
 
