============================================== 
Snapshot run started at Mon 05/11/2026 11:16:40.70 
============================================== 

[2026-05-11] Starting inventory snapshot...
Calling http://localhost:5000/api/inventory ...
  Got 832 color variants from server
  Aggregated: 599 products, 604 color variants
Saving snapshot for 2026-05-11 ...
  Inserted 500/1203 rows...
  Inserted 1000/1203 rows...
  Inserted 1203/1203 rows...
✓ Snapshot saved: 1203 rows for 2026-05-11

Done ✓

Snapshot run finished at Mon 05/11/2026 11:17:19.42 (exit code 0) 
 
============================================== 
Snapshot run started at Mon 05/11/2026 19:47:14.44 
============================================== 

[2026-05-11] Starting inventory snapshot...
Calling http://localhost:5000/api/inventory ...
  Got 924 color variants from server
  Aggregated: 588 products, 696 color variants
Saving snapshot for 2026-05-11 ...
  Inserted 500/1284 rows...
  Inserted 1000/1284 rows...
  Inserted 1284/1284 rows...
✓ Snapshot saved: 1284 rows for 2026-05-11

Done ✓

Snapshot run finished at Mon 05/11/2026 19:47:45.32 (exit code 0) 
 
